Resolving dependencies...
Downloading packages...
  _fe_analyzer_shared 67.0.0 (92.0.0 available)
  analyzer 6.4.1 (9.0.0 available)
  analyzer_plugin 0.11.3 (0.13.11 available)
  audio_session 0.1.25 (0.2.2 available)
  build 2.4.1 (4.0.3 available)
  build_config 1.1.2 (1.2.0 available)
  build_resolvers 2.4.2 (3.0.4 available)
  build_runner 2.4.13 (2.10.4 available)
  build_runner_core 7.3.2 (9.3.2 available)
  characters 1.4.0 (1.4.1 available)
  connectivity_plus 5.0.2 (7.0.0 available)
  connectivity_plus_platform_interface 1.2.4 (2.0.1 available)
  custom_lint 0.5.11 (0.8.1 available)
  custom_lint_builder 0.5.14 (0.8.1 available)
  custom_lint_core 0.5.14 (0.8.2 available)
  dart_style 2.3.6 (3.1.3 available)
  extension 0.6.0 (1.0.0 available)
  flutter_lints 3.0.2 (6.0.0 available)
  flutter_riverpod 2.6.1 (3.1.0 available)
  freezed_annotation 2.4.4 (3.1.0 available)
  geolocator 10.1.1 (14.0.2 available)
  geolocator_android 4.6.2 (5.0.2 available)
  geolocator_web 2.2.1 (4.1.3 available)
  go_router 13.2.5 (17.0.1 available)
  google_fonts 6.3.2 (6.3.3 available)
  intl 0.18.1 (0.20.2 available)
  js 0.6.7 (0.7.2 available)
  just_audio 0.9.46 (0.10.5 available)
  lints 3.0.0 (6.0.0 available)
  matcher 0.12.17 (0.12.18 available)
  material_color_utilities 0.11.1 (0.13.0 available)
  permission_handler 11.4.0 (12.0.1 available)
  permission_handler_android 12.1.0 (13.0.1 available)
  riverpod 2.6.1 (3.1.0 available)
  riverpod_analyzer_utils 0.5.0 (0.5.10 available)
  riverpod_annotation 2.6.1 (4.0.0 available)
  riverpod_generator 2.3.10 (4.0.0+1 available)
  riverpod_lint 2.3.8 (3.1.0 available)
  rxdart 0.27.7 (0.28.0 available)
  shared_preferences 2.5.3 (2.5.4 available)
  shared_preferences_android 2.4.17 (2.4.18 available)
  shelf_web_socket 2.0.1 (3.0.0 available)
  source_gen 1.5.0 (4.1.1 available)
  test_api 0.7.7 (0.7.8 available)
  watcher 1.1.4 (1.2.0 available)
  webview_flutter_android 4.10.9 (4.10.11 available)
  webview_flutter_wkwebview 3.23.4 (3.23.5 available)
Got dependencies!
47 packages have newer versions incompatible with dependency constraints.
Try `flutter pub outdated` for more information.
Running Gradle task 'assembleDebug'...                          
C:\Users\DhaneshMadhukarMengi\Downloads\flutter_windo
ws_3.38.3-stable\flutter\bin\flutter.bat : warning: 
[options] source value 8 is obsolete and will be 
removed in a future release
At line:1 char:1
+ C:\Users\DhaneshMadhukarMengi\Downloads\flutter_win
dows_3.38.3-stable ...
+ ~~~~~~~~~~~~~~~~~~~~~~~~~~~~~~~~~~~~~~~~~~~~~~~~~~~
~~~~~~~~~~~~~~~~~~
    + CategoryInfo          : NotSpecified: (warning 
   : [optio... future release:String) [], RemoteExc  
  eption
    + FullyQualifiedErrorId : NativeCommandError
 
warning: [options] target value 8 is obsolete and 
will be removed in a future release
warning: [options] To suppress warnings about 
obsolete options, use -Xlint:-options.
3 warnings
Running Gradle task 'assembleDebug'...                             45.4s
ΓêÜ Built build\app\outputs\flutter-apk\app-debug.apk
